<html>
<body>
<pre>
<h1>µVision Build Log</h1>
<h2>Tool Versions:</h2>
IDE-Version: ¦ÌVision V5.21.1.0
Copyright (C) 2016 ARM Ltd and ARM Germany GmbH. All rights reserved.
License Information: 1 Semitia, 11, LIC=VGXG8-3X8IT-9U24U-SHLBI-EBBKQ-V6E0W
 
Tool Versions:
Toolchain:       MDK-ARM Plus  Version: 5.21a
Toolchain Path:  W:\CODE\Keil5\ARM\ARMCC\Bin
C Compiler:      Armcc.exe V5.06 update 3 (build 300)
Assembler:       Armasm.exe V5.06 update 3 (build 300)
Linker/Locator:  ArmLink.exe V5.06 update 3 (build 300)
Library Manager: ArmAr.exe V5.06 update 3 (build 300)
Hex Converter:   FromElf.exe V5.06 update 3 (build 300)
CPU DLL:         SARMCM3.DLL V5.21a
Dialog DLL:      DARMSTM.DLL V1.66.0.1
Target DLL:      STLink\ST-LINKIII-KEIL_SWO.dll V2.0.18.0
Dialog DLL:        TARMSTM.DLL   
 
<h2>Project:</h2>
W:\CreatBoard\FreeRTOS\Anya_demo\DEMO2_FreeRTOSÖÐ¶ÏÆÁ±Î\USER\FreeRTOS.uvprojx
Project File Date:  12/14/2017

<h2>Output:</h2>
*** Using Compiler 'V5.06 update 3 (build 300)', folder: 'W:\CODE\Keil5\ARM\ARMCC\Bin'
Build target 'FreeRTOS'
compiling main.c...
linking...
Program Size: Code=18508 RO-data=336 RW-data=180 ZI-data=23156  
FromELF: creating hex file...
"..\OBJ\LED.axf" - 0 Error(s), 0 Warning(s).

<h2>Collection of Component include folders:</h2>
  W:\CreatBoard\FreeRTOS\Anya_demo\DEMO2_FreeRTOSÖÐ¶ÏÆÁ±Î\USER\RTE
  W:\CODE\Keil5\ARM\PACK\Keil\STM32F1xx_DFP\2.2.0\Device\Include

<h2>Collection of Component Files used:</h2>
Build Time Elapsed:  00:00:01
</pre>
</body>
</html>
